// Jest Snapshot v1, https://goo.gl/fbAQLP

exports[`RateIntervalToolbarItem renders correctly 1`] = `
ShallowWrapper {
  "length": 1,
  Symbol(enzyme.__root__): [Circular],
  Symbol(enzyme.__unrendered__): <RateIntervalToolbarItem
    rateIntervalSelected={600}
  />,
  Symbol(enzyme.__renderer__): Object {
    "batchedUpdates": [Function],
    "getNode": [Function],
    "render": [Function],
    "simulateError": [Function],
    "simulateEvent": [Function],
    "unmount": [Function],
  },
  Symbol(enzyme.__node__): Object {
    "instance": null,
    "key": undefined,
    "nodeType": "host",
    "props": Object {
      "children": Array [
        <label
          style={
            Object {
              "paddingRight": "0.5em",
            }
          }
        >
          Rate Interval:
        </label>,
        <DropdownButton
          id="rateIntervalDropDown"
          onSelect={undefined}
          title="Last 10 min"
        >
          <MenuItem
            active={false}
            bsClass="dropdown"
            disabled={false}
            divider={false}
            eventKey={60}
            header={false}
          >
            Last min
          </MenuItem>
          <MenuItem
            active={false}
            bsClass="dropdown"
            disabled={false}
            divider={false}
            eventKey={300}
            header={false}
          >
            Last 5 min
          </MenuItem>
          <MenuItem
            active={true}
            bsClass="dropdown"
            disabled={false}
            divider={false}
            eventKey={600}
            header={false}
          >
            Last 10 min
          </MenuItem>
          <MenuItem
            active={false}
            bsClass="dropdown"
            disabled={false}
            divider={false}
            eventKey={1800}
            header={false}
          >
            Last 30 min
          </MenuItem>
          <MenuItem
            active={false}
            bsClass="dropdown"
            disabled={false}
            divider={false}
            eventKey={3600}
            header={false}
          >
            Last hour
          </MenuItem>
          <MenuItem
            active={false}
            bsClass="dropdown"
            disabled={false}
            divider={false}
            eventKey={10800}
            header={false}
          >
            Last 3 hours
          </MenuItem>
          <MenuItem
            active={false}
            bsClass="dropdown"
            disabled={false}
            divider={false}
            eventKey={21600}
            header={false}
          >
            Last 6 hours
          </MenuItem>
          <MenuItem
            active={false}
            bsClass="dropdown"
            disabled={false}
            divider={false}
            eventKey={43200}
            header={false}
          >
            Last 12 hours
          </MenuItem>
          <MenuItem
            active={false}
            bsClass="dropdown"
            disabled={false}
            divider={false}
            eventKey={86400}
            header={false}
          >
            Last day
          </MenuItem>
          <MenuItem
            active={false}
            bsClass="dropdown"
            disabled={false}
            divider={false}
            eventKey={604800}
            header={false}
          >
            Last 7 days
          </MenuItem>
          <MenuItem
            active={false}
            bsClass="dropdown"
            disabled={false}
            divider={false}
            eventKey={2592000}
            header={false}
          >
            Last 30 days
          </MenuItem>
        </DropdownButton>,
      ],
      "className": "form-group",
    },
    "ref": null,
    "rendered": Array [
      Object {
        "instance": null,
        "key": undefined,
        "nodeType": "host",
        "props": Object {
          "children": "Rate Interval:",
          "style": Object {
            "paddingRight": "0.5em",
          },
        },
        "ref": null,
        "rendered": "Rate Interval:",
        "type": "label",
      },
      Object {
        "instance": null,
        "key": undefined,
        "nodeType": "function",
        "props": Object {
          "children": Array [
            <MenuItem
              active={false}
              bsClass="dropdown"
              disabled={false}
              divider={false}
              eventKey={60}
              header={false}
            >
              Last min
            </MenuItem>,
            <MenuItem
              active={false}
              bsClass="dropdown"
              disabled={false}
              divider={false}
              eventKey={300}
              header={false}
            >
              Last 5 min
            </MenuItem>,
            <MenuItem
              active={true}
              bsClass="dropdown"
              disabled={false}
              divider={false}
              eventKey={600}
              header={false}
            >
              Last 10 min
            </MenuItem>,
            <MenuItem
              active={false}
              bsClass="dropdown"
              disabled={false}
              divider={false}
              eventKey={1800}
              header={false}
            >
              Last 30 min
            </MenuItem>,
            <MenuItem
              active={false}
              bsClass="dropdown"
              disabled={false}
              divider={false}
              eventKey={3600}
              header={false}
            >
              Last hour
            </MenuItem>,
            <MenuItem
              active={false}
              bsClass="dropdown"
              disabled={false}
              divider={false}
              eventKey={10800}
              header={false}
            >
              Last 3 hours
            </MenuItem>,
            <MenuItem
              active={false}
              bsClass="dropdown"
              disabled={false}
              divider={false}
              eventKey={21600}
              header={false}
            >
              Last 6 hours
            </MenuItem>,
            <MenuItem
              active={false}
              bsClass="dropdown"
              disabled={false}
              divider={false}
              eventKey={43200}
              header={false}
            >
              Last 12 hours
            </MenuItem>,
            <MenuItem
              active={false}
              bsClass="dropdown"
              disabled={false}
              divider={false}
              eventKey={86400}
              header={false}
            >
              Last day
            </MenuItem>,
            <MenuItem
              active={false}
              bsClass="dropdown"
              disabled={false}
              divider={false}
              eventKey={604800}
              header={false}
            >
              Last 7 days
            </MenuItem>,
            <MenuItem
              active={false}
              bsClass="dropdown"
              disabled={false}
              divider={false}
              eventKey={2592000}
              header={false}
            >
              Last 30 days
            </MenuItem>,
          ],
          "id": "rateIntervalDropDown",
          "onSelect": undefined,
          "title": "Last 10 min",
        },
        "ref": null,
        "rendered": Array [
          Object {
            "instance": null,
            "key": "60",
            "nodeType": "class",
            "props": Object {
              "active": false,
              "bsClass": "dropdown",
              "children": "Last min",
              "disabled": false,
              "divider": false,
              "eventKey": 60,
              "header": false,
            },
            "ref": null,
            "rendered": "Last min",
            "type": [Function],
          },
          Object {
            "instance": null,
            "key": "300",
            "nodeType": "class",
            "props": Object {
              "active": false,
              "bsClass": "dropdown",
              "children": "Last 5 min",
              "disabled": false,
              "divider": false,
              "eventKey": 300,
              "header": false,
            },
            "ref": null,
            "rendered": "Last 5 min",
            "type": [Function],
          },
          Object {
            "instance": null,
            "key": "600",
            "nodeType": "class",
            "props": Object {
              "active": true,
              "bsClass": "dropdown",
              "children": "Last 10 min",
              "disabled": false,
              "divider": false,
              "eventKey": 600,
              "header": false,
            },
            "ref": null,
            "rendered": "Last 10 min",
            "type": [Function],
          },
          Object {
            "instance": null,
            "key": "1800",
            "nodeType": "class",
            "props": Object {
              "active": false,
              "bsClass": "dropdown",
              "children": "Last 30 min",
              "disabled": false,
              "divider": false,
              "eventKey": 1800,
              "header": false,
            },
            "ref": null,
            "rendered": "Last 30 min",
            "type": [Function],
          },
          Object {
            "instance": null,
            "key": "3600",
            "nodeType": "class",
            "props": Object {
              "active": false,
              "bsClass": "dropdown",
              "children": "Last hour",
              "disabled": false,
              "divider": false,
              "eventKey": 3600,
              "header": false,
            },
            "ref": null,
            "rendered": "Last hour",
            "type": [Function],
          },
          Object {
            "instance": null,
            "key": "10800",
            "nodeType": "class",
            "props": Object {
              "active": false,
              "bsClass": "dropdown",
              "children": "Last 3 hours",
              "disabled": false,
              "divider": false,
              "eventKey": 10800,
              "header": false,
            },
            "ref": null,
            "rendered": "Last 3 hours",
            "type": [Function],
          },
          Object {
            "instance": null,
            "key": "21600",
            "nodeType": "class",
            "props": Object {
              "active": false,
              "bsClass": "dropdown",
              "children": "Last 6 hours",
              "disabled": false,
              "divider": false,
              "eventKey": 21600,
              "header": false,
            },
            "ref": null,
            "rendered": "Last 6 hours",
            "type": [Function],
          },
          Object {
            "instance": null,
            "key": "43200",
            "nodeType": "class",
            "props": Object {
              "active": false,
              "bsClass": "dropdown",
              "children": "Last 12 hours",
              "disabled": false,
              "divider": false,
              "eventKey": 43200,
              "header": false,
            },
            "ref": null,
            "rendered": "Last 12 hours",
            "type": [Function],
          },
          Object {
            "instance": null,
            "key": "86400",
            "nodeType": "class",
            "props": Object {
              "active": false,
              "bsClass": "dropdown",
              "children": "Last day",
              "disabled": false,
              "divider": false,
              "eventKey": 86400,
              "header": false,
            },
            "ref": null,
            "rendered": "Last day",
            "type": [Function],
          },
          Object {
            "instance": null,
            "key": "604800",
            "nodeType": "class",
            "props": Object {
              "active": false,
              "bsClass": "dropdown",
              "children": "Last 7 days",
              "disabled": false,
              "divider": false,
              "eventKey": 604800,
              "header": false,
            },
            "ref": null,
            "rendered": "Last 7 days",
            "type": [Function],
          },
          Object {
            "instance": null,
            "key": "2592000",
            "nodeType": "class",
            "props": Object {
              "active": false,
              "bsClass": "dropdown",
              "children": "Last 30 days",
              "disabled": false,
              "divider": false,
              "eventKey": 2592000,
              "header": false,
            },
            "ref": null,
            "rendered": "Last 30 days",
            "type": [Function],
          },
        ],
        "type": [Function],
      },
    ],
    "type": "div",
  },
  Symbol(enzyme.__nodes__): Array [
    Object {
      "instance": null,
      "key": undefined,
      "nodeType": "host",
      "props": Object {
        "children": Array [
          <label
            style={
              Object {
                "paddingRight": "0.5em",
              }
            }
          >
            Rate Interval:
          </label>,
          <DropdownButton
            id="rateIntervalDropDown"
            onSelect={undefined}
            title="Last 10 min"
          >
            <MenuItem
              active={false}
              bsClass="dropdown"
              disabled={false}
              divider={false}
              eventKey={60}
              header={false}
            >
              Last min
            </MenuItem>
            <MenuItem
              active={false}
              bsClass="dropdown"
              disabled={false}
              divider={false}
              eventKey={300}
              header={false}
            >
              Last 5 min
            </MenuItem>
            <MenuItem
              active={true}
              bsClass="dropdown"
              disabled={false}
              divider={false}
              eventKey={600}
              header={false}
            >
              Last 10 min
            </MenuItem>
            <MenuItem
              active={false}
              bsClass="dropdown"
              disabled={false}
              divider={false}
              eventKey={1800}
              header={false}
            >
              Last 30 min
            </MenuItem>
            <MenuItem
              active={false}
              bsClass="dropdown"
              disabled={false}
              divider={false}
              eventKey={3600}
              header={false}
            >
              Last hour
            </MenuItem>
            <MenuItem
              active={false}
              bsClass="dropdown"
              disabled={false}
              divider={false}
              eventKey={10800}
              header={false}
            >
              Last 3 hours
            </MenuItem>
            <MenuItem
              active={false}
              bsClass="dropdown"
              disabled={false}
              divider={false}
              eventKey={21600}
              header={false}
            >
              Last 6 hours
            </MenuItem>
            <MenuItem
              active={false}
              bsClass="dropdown"
              disabled={false}
              divider={false}
              eventKey={43200}
              header={false}
            >
              Last 12 hours
            </MenuItem>
            <MenuItem
              active={false}
              bsClass="dropdown"
              disabled={false}
              divider={false}
              eventKey={86400}
              header={false}
            >
              Last day
            </MenuItem>
            <MenuItem
              active={false}
              bsClass="dropdown"
              disabled={false}
              divider={false}
              eventKey={604800}
              header={false}
            >
              Last 7 days
            </MenuItem>
            <MenuItem
              active={false}
              bsClass="dropdown"
              disabled={false}
              divider={false}
              eventKey={2592000}
              header={false}
            >
              Last 30 days
            </MenuItem>
          </DropdownButton>,
        ],
        "className": "form-group",
      },
      "ref": null,
      "rendered": Array [
        Object {
          "instance": null,
          "key": undefined,
          "nodeType": "host",
          "props": Object {
            "children": "Rate Interval:",
            "style": Object {
              "paddingRight": "0.5em",
            },
          },
          "ref": null,
          "rendered": "Rate Interval:",
          "type": "label",
        },
        Object {
          "instance": null,
          "key": undefined,
          "nodeType": "function",
          "props": Object {
            "children": Array [
              <MenuItem
                active={false}
                bsClass="dropdown"
                disabled={false}
                divider={false}
                eventKey={60}
                header={false}
              >
                Last min
              </MenuItem>,
              <MenuItem
                active={false}
                bsClass="dropdown"
                disabled={false}
                divider={false}
                eventKey={300}
                header={false}
              >
                Last 5 min
              </MenuItem>,
              <MenuItem
                active={true}
                bsClass="dropdown"
                disabled={false}
                divider={false}
                eventKey={600}
                header={false}
              >
                Last 10 min
              </MenuItem>,
              <MenuItem
                active={false}
                bsClass="dropdown"
                disabled={false}
                divider={false}
                eventKey={1800}
                header={false}
              >
                Last 30 min
              </MenuItem>,
              <MenuItem
                active={false}
                bsClass="dropdown"
                disabled={false}
                divider={false}
                eventKey={3600}
                header={false}
              >
                Last hour
              </MenuItem>,
              <MenuItem
                active={false}
                bsClass="dropdown"
                disabled={false}
                divider={false}
                eventKey={10800}
                header={false}
              >
                Last 3 hours
              </MenuItem>,
              <MenuItem
                active={false}
                bsClass="dropdown"
                disabled={false}
                divider={false}
                eventKey={21600}
                header={false}
              >
                Last 6 hours
              </MenuItem>,
              <MenuItem
                active={false}
                bsClass="dropdown"
                disabled={false}
                divider={false}
                eventKey={43200}
                header={false}
              >
                Last 12 hours
              </MenuItem>,
              <MenuItem
                active={false}
                bsClass="dropdown"
                disabled={false}
                divider={false}
                eventKey={86400}
                header={false}
              >
                Last day
              </MenuItem>,
              <MenuItem
                active={false}
                bsClass="dropdown"
                disabled={false}
                divider={false}
                eventKey={604800}
                header={false}
              >
                Last 7 days
              </MenuItem>,
              <MenuItem
                active={false}
                bsClass="dropdown"
                disabled={false}
                divider={false}
                eventKey={2592000}
                header={false}
              >
                Last 30 days
              </MenuItem>,
            ],
            "id": "rateIntervalDropDown",
            "onSelect": undefined,
            "title": "Last 10 min",
          },
          "ref": null,
          "rendered": Array [
            Object {
              "instance": null,
              "key": "60",
              "nodeType": "class",
              "props": Object {
                "active": false,
                "bsClass": "dropdown",
                "children": "Last min",
                "disabled": false,
                "divider": false,
                "eventKey": 60,
                "header": false,
              },
              "ref": null,
              "rendered": "Last min",
              "type": [Function],
            },
            Object {
              "instance": null,
              "key": "300",
              "nodeType": "class",
              "props": Object {
                "active": false,
                "bsClass": "dropdown",
                "children": "Last 5 min",
                "disabled": false,
                "divider": false,
                "eventKey": 300,
                "header": false,
              },
              "ref": null,
              "rendered": "Last 5 min",
              "type": [Function],
            },
            Object {
              "instance": null,
              "key": "600",
              "nodeType": "class",
              "props": Object {
                "active": true,
                "bsClass": "dropdown",
                "children": "Last 10 min",
                "disabled": false,
                "divider": false,
                "eventKey": 600,
                "header": false,
              },
              "ref": null,
              "rendered": "Last 10 min",
              "type": [Function],
            },
            Object {
              "instance": null,
              "key": "1800",
              "nodeType": "class",
              "props": Object {
                "active": false,
                "bsClass": "dropdown",
                "children": "Last 30 min",
                "disabled": false,
                "divider": false,
                "eventKey": 1800,
                "header": false,
              },
              "ref": null,
              "rendered": "Last 30 min",
              "type": [Function],
            },
            Object {
              "instance": null,
              "key": "3600",
              "nodeType": "class",
              "props": Object {
                "active": false,
                "bsClass": "dropdown",
                "children": "Last hour",
                "disabled": false,
                "divider": false,
                "eventKey": 3600,
                "header": false,
              },
              "ref": null,
              "rendered": "Last hour",
              "type": [Function],
            },
            Object {
              "instance": null,
              "key": "10800",
              "nodeType": "class",
              "props": Object {
                "active": false,
                "bsClass": "dropdown",
                "children": "Last 3 hours",
                "disabled": false,
                "divider": false,
                "eventKey": 10800,
                "header": false,
              },
              "ref": null,
              "rendered": "Last 3 hours",
              "type": [Function],
            },
            Object {
              "instance": null,
              "key": "21600",
              "nodeType": "class",
              "props": Object {
                "active": false,
                "bsClass": "dropdown",
                "children": "Last 6 hours",
                "disabled": false,
                "divider": false,
                "eventKey": 21600,
                "header": false,
              },
              "ref": null,
              "rendered": "Last 6 hours",
              "type": [Function],
            },
            Object {
              "instance": null,
              "key": "43200",
              "nodeType": "class",
              "props": Object {
                "active": false,
                "bsClass": "dropdown",
                "children": "Last 12 hours",
                "disabled": false,
                "divider": false,
                "eventKey": 43200,
                "header": false,
              },
              "ref": null,
              "rendered": "Last 12 hours",
              "type": [Function],
            },
            Object {
              "instance": null,
              "key": "86400",
              "nodeType": "class",
              "props": Object {
                "active": false,
                "bsClass": "dropdown",
                "children": "Last day",
                "disabled": false,
                "divider": false,
                "eventKey": 86400,
                "header": false,
              },
              "ref": null,
              "rendered": "Last day",
              "type": [Function],
            },
            Object {
              "instance": null,
              "key": "604800",
              "nodeType": "class",
              "props": Object {
                "active": false,
                "bsClass": "dropdown",
                "children": "Last 7 days",
                "disabled": false,
                "divider": false,
                "eventKey": 604800,
                "header": false,
              },
              "ref": null,
              "rendered": "Last 7 days",
              "type": [Function],
            },
            Object {
              "instance": null,
              "key": "2592000",
              "nodeType": "class",
              "props": Object {
                "active": false,
                "bsClass": "dropdown",
                "children": "Last 30 days",
                "disabled": false,
                "divider": false,
                "eventKey": 2592000,
                "header": false,
              },
              "ref": null,
              "rendered": "Last 30 days",
              "type": [Function],
            },
          ],
          "type": [Function],
        },
      ],
      "type": "div",
    },
  ],
  Symbol(enzyme.__options__): Object {
    "adapter": ReactSixteenAdapter {
      "options": Object {
        "enableComponentDidUpdateOnSetState": true,
        "lifecycles": Object {
          "componentDidUpdate": Object {
            "onSetState": true,
          },
          "getDerivedStateFromProps": true,
          "getSnapshotBeforeUpdate": true,
          "setState": Object {
            "skipsComponentDidUpdateOnNullish": true,
          },
        },
      },
    },
  },
}
`;
