// Jest Snapshot v1, https://goo.gl/fbAQLP

exports[`WorkloadDescription should render with runtimes 1`] = `
<div
  className="card-pf"
>
  <div
    className="card-pf-body"
  >
    <Row
      bsClass="row"
      componentClass="div"
    >
      <Col
        bsClass="col"
        componentClass="div"
        lg={6}
        md={6}
        sm={8}
        xs={12}
      >
        <div
          id="labels"
        >
          <div
            className="progress-description"
          >
            <strong>
              Template Labels
            </strong>
          </div>
          <div
            className="label-collection"
          >
            <Labels
              labels={Object {}}
            />
          </div>
        </div>
        <div>
          <strong>
            Type
          </strong>
           
          Deployment
        </div>
        <div>
          <strong>
            Created at
          </strong>
           
          <LocalTime
            time="42"
          />
        </div>
        <div>
          <strong>
            Resource Version
          </strong>
           
          42
        </div>
        <div>
          <br />
          <img
            alt="Vert.x"
            key="logo-0"
            src="vertx-logo.png"
            title="Vert.x"
          />
          <span
            key="sep"
          >
             | 
          </span>
          <span
            key="runtime-1"
          >
            42
          </span>
        </div>
      </Col>
      <Col
        bsClass="col"
        componentClass="div"
        lg={3}
        md={3}
        sm={4}
        xs={12}
      />
      <Col
        bsClass="col"
        componentClass="div"
        lg={3}
        md={3}
        sm={4}
        xs={12}
      >
        <div
          className="progress-description"
        >
          <strong>
            Health
          </strong>
        </div>
        <HealthIndicator
          id="myworkload"
          mode={0}
          tooltipPlacement="left"
        />
      </Col>
    </Row>
  </div>
</div>
`;
