// Jest Snapshot v1, https://goo.gl/fbAQLP

exports[`GraphLegend test should render correctly 1`] = `""`;
