// Jest Snapshot v1, https://goo.gl/fbAQLP

exports[`#ServiceInfoRoutes render correctly with data renders 1`] = `
initialize {
  "0": Object {
    "attribs": Object {},
    "children": Array [
      Object {
        "attribs": Object {
          "class": "card-pf",
        },
        "children": Array [
          Object {
            "attribs": Object {
              "class": "row-cards-pf row",
            },
            "children": Array [
              Object {
                "attribs": Object {
                  "class": "col-lg-12 col-md-12 col-sm-12 col-xs-12",
                },
                "children": Array [
                  Object {
                    "attribs": Object {
                      "class": "card-pf-body",
                    },
                    "children": Array [
                      Object {
                        "attribs": Object {
                          "class": "progress-description",
                        },
                        "children": Array [
                          Object {
                            "attribs": Object {},
                            "children": Array [
                              Object {
                                "data": "To: ",
                                "next": null,
                                "parent": [Circular],
                                "prev": null,
                                "type": "text",
                              },
                            ],
                            "name": "strong",
                            "namespace": "http://www.w3.org/1999/xhtml",
                            "next": Object {
                              "data": " v1",
                              "next": null,
                              "parent": [Circular],
                              "prev": [Circular],
                              "type": "text",
                            },
                            "parent": [Circular],
                            "prev": null,
                            "type": "tag",
                            "x-attribsNamespace": Object {},
                            "x-attribsPrefix": Object {},
                          },
                          Object {
                            "data": " v1",
                            "next": null,
                            "parent": [Circular],
                            "prev": Object {
                              "attribs": Object {},
                              "children": Array [
                                Object {
                                  "data": "To: ",
                                  "next": null,
                                  "parent": [Circular],
                                  "prev": null,
                                  "type": "text",
                                },
                              ],
                              "name": "strong",
                              "namespace": "http://www.w3.org/1999/xhtml",
                              "next": [Circular],
                              "parent": [Circular],
                              "prev": null,
                              "type": "tag",
                              "x-attribsNamespace": Object {},
                              "x-attribsPrefix": Object {},
                            },
                            "type": "text",
                          },
                        ],
                        "name": "div",
                        "namespace": "http://www.w3.org/1999/xhtml",
                        "next": Object {
                          "attribs": Object {
                            "style": "list-style-type:none",
                          },
                          "children": Array [
                            Object {
                              "attribs": Object {},
                              "children": Array [
                                Object {
                                  "attribs": Object {
                                    "href": "/namespaces/bookinfo/workloads/reviews-v1",
                                  },
                                  "children": Array [
                                    Object {
                                      "data": "reviews-v1",
                                      "next": null,
                                      "parent": [Circular],
                                      "prev": null,
                                      "type": "text",
                                    },
                                  ],
                                  "name": "a",
                                  "namespace": "http://www.w3.org/1999/xhtml",
                                  "next": null,
                                  "parent": [Circular],
                                  "prev": null,
                                  "type": "tag",
                                  "x-attribsNamespace": Object {
                                    "href": undefined,
                                  },
                                  "x-attribsPrefix": Object {
                                    "href": undefined,
                                  },
                                },
                              ],
                              "name": "li",
                              "namespace": "http://www.w3.org/1999/xhtml",
                              "next": Object {
                                "attribs": Object {},
                                "children": Array [
                                  Object {
                                    "attribs": Object {
                                      "href": "/namespaces/istio-system/workloads/istio-citadel",
                                    },
                                    "children": Array [
                                      Object {
                                        "data": "istio-citadel",
                                        "next": null,
                                        "parent": [Circular],
                                        "prev": null,
                                        "type": "text",
                                      },
                                    ],
                                    "name": "a",
                                    "namespace": "http://www.w3.org/1999/xhtml",
                                    "next": null,
                                    "parent": [Circular],
                                    "prev": null,
                                    "type": "tag",
                                    "x-attribsNamespace": Object {
                                      "href": undefined,
                                    },
                                    "x-attribsPrefix": Object {
                                      "href": undefined,
                                    },
                                  },
                                ],
                                "name": "li",
                                "namespace": "http://www.w3.org/1999/xhtml",
                                "next": null,
                                "parent": [Circular],
                                "prev": [Circular],
                                "type": "tag",
                                "x-attribsNamespace": Object {},
                                "x-attribsPrefix": Object {},
                              },
                              "parent": [Circular],
                              "prev": null,
                              "type": "tag",
                              "x-attribsNamespace": Object {},
                              "x-attribsPrefix": Object {},
                            },
                            Object {
                              "attribs": Object {},
                              "children": Array [
                                Object {
                                  "attribs": Object {
                                    "href": "/namespaces/istio-system/workloads/istio-citadel",
                                  },
                                  "children": Array [
                                    Object {
                                      "data": "istio-citadel",
                                      "next": null,
                                      "parent": [Circular],
                                      "prev": null,
                                      "type": "text",
                                    },
                                  ],
                                  "name": "a",
                                  "namespace": "http://www.w3.org/1999/xhtml",
                                  "next": null,
                                  "parent": [Circular],
                                  "prev": null,
                                  "type": "tag",
                                  "x-attribsNamespace": Object {
                                    "href": undefined,
                                  },
                                  "x-attribsPrefix": Object {
                                    "href": undefined,
                                  },
                                },
                              ],
                              "name": "li",
                              "namespace": "http://www.w3.org/1999/xhtml",
                              "next": null,
                              "parent": [Circular],
                              "prev": Object {
                                "attribs": Object {},
                                "children": Array [
                                  Object {
                                    "attribs": Object {
                                      "href": "/namespaces/bookinfo/workloads/reviews-v1",
                                    },
                                    "children": Array [
                                      Object {
                                        "data": "reviews-v1",
                                        "next": null,
                                        "parent": [Circular],
                                        "prev": null,
                                        "type": "text",
                                      },
                                    ],
                                    "name": "a",
                                    "namespace": "http://www.w3.org/1999/xhtml",
                                    "next": null,
                                    "parent": [Circular],
                                    "prev": null,
                                    "type": "tag",
                                    "x-attribsNamespace": Object {
                                      "href": undefined,
                                    },
                                    "x-attribsPrefix": Object {
                                      "href": undefined,
                                    },
                                  },
                                ],
                                "name": "li",
                                "namespace": "http://www.w3.org/1999/xhtml",
                                "next": [Circular],
                                "parent": [Circular],
                                "prev": null,
                                "type": "tag",
                                "x-attribsNamespace": Object {},
                                "x-attribsPrefix": Object {},
                              },
                              "type": "tag",
                              "x-attribsNamespace": Object {},
                              "x-attribsPrefix": Object {},
                            },
                          ],
                          "name": "ul",
                          "namespace": "http://www.w3.org/1999/xhtml",
                          "next": null,
                          "parent": [Circular],
                          "prev": [Circular],
                          "type": "tag",
                          "x-attribsNamespace": Object {
                            "style": undefined,
                          },
                          "x-attribsPrefix": Object {
                            "style": undefined,
                          },
                        },
                        "parent": [Circular],
                        "prev": null,
                        "type": "tag",
                        "x-attribsNamespace": Object {
                          "class": undefined,
                        },
                        "x-attribsPrefix": Object {
                          "class": undefined,
                        },
                      },
                      Object {
                        "attribs": Object {
                          "style": "list-style-type:none",
                        },
                        "children": Array [
                          Object {
                            "attribs": Object {},
                            "children": Array [
                              Object {
                                "attribs": Object {
                                  "href": "/namespaces/bookinfo/workloads/reviews-v1",
                                },
                                "children": Array [
                                  Object {
                                    "data": "reviews-v1",
                                    "next": null,
                                    "parent": [Circular],
                                    "prev": null,
                                    "type": "text",
                                  },
                                ],
                                "name": "a",
                                "namespace": "http://www.w3.org/1999/xhtml",
                                "next": null,
                                "parent": [Circular],
                                "prev": null,
                                "type": "tag",
                                "x-attribsNamespace": Object {
                                  "href": undefined,
                                },
                                "x-attribsPrefix": Object {
                                  "href": undefined,
                                },
                              },
                            ],
                            "name": "li",
                            "namespace": "http://www.w3.org/1999/xhtml",
                            "next": Object {
                              "attribs": Object {},
                              "children": Array [
                                Object {
                                  "attribs": Object {
                                    "href": "/namespaces/istio-system/workloads/istio-citadel",
                                  },
                                  "children": Array [
                                    Object {
                                      "data": "istio-citadel",
                                      "next": null,
                                      "parent": [Circular],
                                      "prev": null,
                                      "type": "text",
                                    },
                                  ],
                                  "name": "a",
                                  "namespace": "http://www.w3.org/1999/xhtml",
                                  "next": null,
                                  "parent": [Circular],
                                  "prev": null,
                                  "type": "tag",
                                  "x-attribsNamespace": Object {
                                    "href": undefined,
                                  },
                                  "x-attribsPrefix": Object {
                                    "href": undefined,
                                  },
                                },
                              ],
                              "name": "li",
                              "namespace": "http://www.w3.org/1999/xhtml",
                              "next": null,
                              "parent": [Circular],
                              "prev": [Circular],
                              "type": "tag",
                              "x-attribsNamespace": Object {},
                              "x-attribsPrefix": Object {},
                            },
                            "parent": [Circular],
                            "prev": null,
                            "type": "tag",
                            "x-attribsNamespace": Object {},
                            "x-attribsPrefix": Object {},
                          },
                          Object {
                            "attribs": Object {},
                            "children": Array [
                              Object {
                                "attribs": Object {
                                  "href": "/namespaces/istio-system/workloads/istio-citadel",
                                },
                                "children": Array [
                                  Object {
                                    "data": "istio-citadel",
                                    "next": null,
                                    "parent": [Circular],
                                    "prev": null,
                                    "type": "text",
                                  },
                                ],
                                "name": "a",
                                "namespace": "http://www.w3.org/1999/xhtml",
                                "next": null,
                                "parent": [Circular],
                                "prev": null,
                                "type": "tag",
                                "x-attribsNamespace": Object {
                                  "href": undefined,
                                },
                                "x-attribsPrefix": Object {
                                  "href": undefined,
                                },
                              },
                            ],
                            "name": "li",
                            "namespace": "http://www.w3.org/1999/xhtml",
                            "next": null,
                            "parent": [Circular],
                            "prev": Object {
                              "attribs": Object {},
                              "children": Array [
                                Object {
                                  "attribs": Object {
                                    "href": "/namespaces/bookinfo/workloads/reviews-v1",
                                  },
                                  "children": Array [
                                    Object {
                                      "data": "reviews-v1",
                                      "next": null,
                                      "parent": [Circular],
                                      "prev": null,
                                      "type": "text",
                                    },
                                  ],
                                  "name": "a",
                                  "namespace": "http://www.w3.org/1999/xhtml",
                                  "next": null,
                                  "parent": [Circular],
                                  "prev": null,
                                  "type": "tag",
                                  "x-attribsNamespace": Object {
                                    "href": undefined,
                                  },
                                  "x-attribsPrefix": Object {
                                    "href": undefined,
                                  },
                                },
                              ],
                              "name": "li",
                              "namespace": "http://www.w3.org/1999/xhtml",
                              "next": [Circular],
                              "parent": [Circular],
                              "prev": null,
                              "type": "tag",
                              "x-attribsNamespace": Object {},
                              "x-attribsPrefix": Object {},
                            },
                            "type": "tag",
                            "x-attribsNamespace": Object {},
                            "x-attribsPrefix": Object {},
                          },
                        ],
                        "name": "ul",
                        "namespace": "http://www.w3.org/1999/xhtml",
                        "next": null,
                        "parent": [Circular],
                        "prev": Object {
                          "attribs": Object {
                            "class": "progress-description",
                          },
                          "children": Array [
                            Object {
                              "attribs": Object {},
                              "children": Array [
                                Object {
                                  "data": "To: ",
                                  "next": null,
                                  "parent": [Circular],
                                  "prev": null,
                                  "type": "text",
                                },
                              ],
                              "name": "strong",
                              "namespace": "http://www.w3.org/1999/xhtml",
                              "next": Object {
                                "data": " v1",
                                "next": null,
                                "parent": [Circular],
                                "prev": [Circular],
                                "type": "text",
                              },
                              "parent": [Circular],
                              "prev": null,
                              "type": "tag",
                              "x-attribsNamespace": Object {},
                              "x-attribsPrefix": Object {},
                            },
                            Object {
                              "data": " v1",
                              "next": null,
                              "parent": [Circular],
                              "prev": Object {
                                "attribs": Object {},
                                "children": Array [
                                  Object {
                                    "data": "To: ",
                                    "next": null,
                                    "parent": [Circular],
                                    "prev": null,
                                    "type": "text",
                                  },
                                ],
                                "name": "strong",
                                "namespace": "http://www.w3.org/1999/xhtml",
                                "next": [Circular],
                                "parent": [Circular],
                                "prev": null,
                                "type": "tag",
                                "x-attribsNamespace": Object {},
                                "x-attribsPrefix": Object {},
                              },
                              "type": "text",
                            },
                          ],
                          "name": "div",
                          "namespace": "http://www.w3.org/1999/xhtml",
                          "next": [Circular],
                          "parent": [Circular],
                          "prev": null,
                          "type": "tag",
                          "x-attribsNamespace": Object {
                            "class": undefined,
                          },
                          "x-attribsPrefix": Object {
                            "class": undefined,
                          },
                        },
                        "type": "tag",
                        "x-attribsNamespace": Object {
                          "style": undefined,
                        },
                        "x-attribsPrefix": Object {
                          "style": undefined,
                        },
                      },
                    ],
                    "name": "div",
                    "namespace": "http://www.w3.org/1999/xhtml",
                    "next": null,
                    "parent": [Circular],
                    "prev": null,
                    "type": "tag",
                    "x-attribsNamespace": Object {
                      "class": undefined,
                    },
                    "x-attribsPrefix": Object {
                      "class": undefined,
                    },
                  },
                ],
                "name": "div",
                "namespace": "http://www.w3.org/1999/xhtml",
                "next": null,
                "parent": [Circular],
                "prev": null,
                "type": "tag",
                "x-attribsNamespace": Object {
                  "class": undefined,
                },
                "x-attribsPrefix": Object {
                  "class": undefined,
                },
              },
            ],
            "name": "div",
            "namespace": "http://www.w3.org/1999/xhtml",
            "next": null,
            "parent": [Circular],
            "prev": null,
            "type": "tag",
            "x-attribsNamespace": Object {
              "class": undefined,
            },
            "x-attribsPrefix": Object {
              "class": undefined,
            },
          },
        ],
        "name": "div",
        "namespace": "http://www.w3.org/1999/xhtml",
        "next": null,
        "parent": [Circular],
        "prev": null,
        "type": "tag",
        "x-attribsNamespace": Object {
          "class": undefined,
        },
        "x-attribsPrefix": Object {
          "class": undefined,
        },
      },
    ],
    "name": "div",
    "namespace": "http://www.w3.org/1999/xhtml",
    "next": null,
    "parent": null,
    "prev": null,
    "root": Object {
      "attribs": Object {},
      "children": Array [
        [Circular],
      ],
      "name": "root",
      "namespace": "http://www.w3.org/1999/xhtml",
      "next": null,
      "parent": null,
      "prev": null,
      "type": "root",
      "x-attribsNamespace": Object {},
      "x-attribsPrefix": Object {},
    },
    "type": "tag",
    "x-attribsNamespace": Object {},
    "x-attribsPrefix": Object {},
  },
  "_root": [Circular],
  "length": 1,
  "options": Object {
    "decodeEntities": true,
    "normalizeWhitespace": false,
    "withDomLvl1": true,
    "xml": false,
  },
}
`;
