// Jest Snapshot v1, https://goo.gl/fbAQLP

exports[`HealthIndicator renders healthy 1`] = `
<OverlayTrigger
  defaultOverlayShown={false}
  overlay={
    <Popover
      bsClass="popover"
      id="svc-health-tooltip"
      placement="right"
      title="Healthy"
    >
      <HealthDetails
        health={
          AppHealth {
            "items": Array [
              Object {
                "children": Array [
                  Object {
                    "status": Object {
                      "class": "icon-healthy",
                      "color": "#3f9c35",
                      "icon": [Function],
                      "name": "Healthy",
                      "priority": 1,
                    },
                    "text": "A: 1 / 1",
                  },
                  Object {
                    "status": Object {
                      "class": "icon-healthy",
                      "color": "#3f9c35",
                      "icon": [Function],
                      "name": "Healthy",
                      "priority": 1,
                    },
                    "text": "B: 2 / 2",
                  },
                ],
                "status": Object {
                  "class": "icon-healthy",
                  "color": "#3f9c35",
                  "icon": [Function],
                  "name": "Healthy",
                  "priority": 1,
                },
                "title": "Pods Status",
              },
              Object {
                "children": Array [
                  Object {
                    "status": Object {
                      "class": "icon-na",
                      "color": "#72767b",
                      "icon": [Function],
                      "name": "No health information",
                      "priority": 0,
                    },
                    "text": "Inbound: No requests",
                  },
                  Object {
                    "status": Object {
                      "class": "icon-na",
                      "color": "#72767b",
                      "icon": [Function],
                      "name": "No health information",
                      "priority": 0,
                    },
                    "text": "Outbound: No requests",
                  },
                ],
                "status": Object {
                  "class": "icon-na",
                  "color": "#72767b",
                  "icon": [Function],
                  "name": "No health information",
                  "priority": 0,
                },
                "title": "Error Rate over last 10m",
              },
            ],
            "requests": Object {
              "errorRatio": -1,
              "inboundErrorRatio": -1,
              "outboundErrorRatio": -1,
            },
          }
        }
      />
    </Popover>
  }
  placement="right"
  rootClose={false}
  trigger={
    Array [
      "hover",
      "focus",
    ]
  }
>
  <OkIcon
    className="icon-healthy"
    color="#3f9c35"
    noVerticalAlign={false}
    size="sm"
    title={null}
  />
</OverlayTrigger>
`;
