// Jest Snapshot v1, https://goo.gl/fbAQLP

exports[`HealthDetails renders deployments failure 1`] = `
<div
  key="0"
>
  <strong>
    <UnknownIcon
      className="icon-na"
      color="#72767b"
      noVerticalAlign={false}
      size="sm"
      title={null}
    />
     Error Rate over last 1m: 
  </strong>
  No requests
</div>
`;

exports[`HealthDetails renders healthy 1`] = `
<div
  key="0"
>
  <strong>
    <UnknownIcon
      className="icon-na"
      color="#72767b"
      noVerticalAlign={false}
      size="sm"
      title={null}
    />
     Error Rate over last 1m: 
  </strong>
  No requests
</div>
`;
