// Jest Snapshot v1, https://goo.gl/fbAQLP

exports[`RightToolbar renders RightToolbar correctly 1`] = `
ShallowWrapper {
  Symbol(enzyme.__root__): [Circular],
  Symbol(enzyme.__unrendered__): <RightToolbar
    disabled={false}
    graph={false}
    minimap={false}
    onGraphClick={[MockFunction]}
    onMinimapClick={[MockFunction]}
    onSubmit={[MockFunction]}
    onSummaryClick={[MockFunction]}
    summary={false}
  />,
  Symbol(enzyme.__renderer__): Object {
    "batchedUpdates": [Function],
    "getNode": [Function],
    "render": [Function],
    "simulateError": [Function],
    "simulateEvent": [Function],
    "unmount": [Function],
  },
  Symbol(enzyme.__node__): Object {
    "instance": null,
    "key": undefined,
    "nodeType": "function",
    "props": Object {
      "children": Array [
        <Button
          active={false}
          block={false}
          bsClass="btn"
          bsStyle="default"
          disabled={false}
          onClick={[Function]}
          style={undefined}
          title="Graph"
        >
          <Icon
            name="th"
            type="fa"
          />
        </Button>,
        <Button
          active={false}
          block={false}
          bsClass="btn"
          bsStyle="default"
          disabled={false}
          onClick={[Function]}
          style={undefined}
          title="Minimap"
        >
          <Icon
            name="map"
            type="fa"
          />
        </Button>,
        <Button
          active={false}
          block={false}
          bsClass="btn"
          bsStyle="default"
          disabled={false}
          onClick={[Function]}
          style={undefined}
          title="Summary"
        >
          <Icon
            name="info"
            type="fa"
          />
        </Button>,
        <Button
          active={false}
          block={false}
          bsClass="btn"
          bsStyle="link"
          disabled={false}
          onClick={[MockFunction]}
          style={
            Object {
              "borderLeft": "1px solid #d1d1d1",
              "marginLeft": "10px",
            }
          }
          title="Search"
        >
          <Icon
            name="search"
            type="pf"
          />
        </Button>,
      ],
      "className": "",
    },
    "ref": null,
    "rendered": Array [
      Object {
        "instance": null,
        "key": undefined,
        "nodeType": "class",
        "props": Object {
          "active": false,
          "block": false,
          "bsClass": "btn",
          "bsStyle": "default",
          "children": <Icon
            name="th"
            type="fa"
          />,
          "disabled": false,
          "onClick": [Function],
          "style": undefined,
          "title": "Graph",
        },
        "ref": null,
        "rendered": Object {
          "instance": null,
          "key": undefined,
          "nodeType": "function",
          "props": Object {
            "name": "th",
            "type": "fa",
          },
          "ref": null,
          "rendered": null,
          "type": [Function],
        },
        "type": [Function],
      },
      Object {
        "instance": null,
        "key": undefined,
        "nodeType": "class",
        "props": Object {
          "active": false,
          "block": false,
          "bsClass": "btn",
          "bsStyle": "default",
          "children": <Icon
            name="map"
            type="fa"
          />,
          "disabled": false,
          "onClick": [Function],
          "style": undefined,
          "title": "Minimap",
        },
        "ref": null,
        "rendered": Object {
          "instance": null,
          "key": undefined,
          "nodeType": "function",
          "props": Object {
            "name": "map",
            "type": "fa",
          },
          "ref": null,
          "rendered": null,
          "type": [Function],
        },
        "type": [Function],
      },
      Object {
        "instance": null,
        "key": undefined,
        "nodeType": "class",
        "props": Object {
          "active": false,
          "block": false,
          "bsClass": "btn",
          "bsStyle": "default",
          "children": <Icon
            name="info"
            type="fa"
          />,
          "disabled": false,
          "onClick": [Function],
          "style": undefined,
          "title": "Summary",
        },
        "ref": null,
        "rendered": Object {
          "instance": null,
          "key": undefined,
          "nodeType": "function",
          "props": Object {
            "name": "info",
            "type": "fa",
          },
          "ref": null,
          "rendered": null,
          "type": [Function],
        },
        "type": [Function],
      },
      Object {
        "instance": null,
        "key": undefined,
        "nodeType": "class",
        "props": Object {
          "active": false,
          "block": false,
          "bsClass": "btn",
          "bsStyle": "link",
          "children": <Icon
            name="search"
            type="pf"
          />,
          "disabled": false,
          "onClick": [MockFunction],
          "style": Object {
            "borderLeft": "1px solid #d1d1d1",
            "marginLeft": "10px",
          },
          "title": "Search",
        },
        "ref": null,
        "rendered": Object {
          "instance": null,
          "key": undefined,
          "nodeType": "function",
          "props": Object {
            "name": "search",
            "type": "pf",
          },
          "ref": null,
          "rendered": null,
          "type": [Function],
        },
        "type": [Function],
      },
    ],
    "type": [Function],
  },
  Symbol(enzyme.__nodes__): Array [
    Object {
      "instance": null,
      "key": undefined,
      "nodeType": "function",
      "props": Object {
        "children": Array [
          <Button
            active={false}
            block={false}
            bsClass="btn"
            bsStyle="default"
            disabled={false}
            onClick={[Function]}
            style={undefined}
            title="Graph"
          >
            <Icon
              name="th"
              type="fa"
            />
          </Button>,
          <Button
            active={false}
            block={false}
            bsClass="btn"
            bsStyle="default"
            disabled={false}
            onClick={[Function]}
            style={undefined}
            title="Minimap"
          >
            <Icon
              name="map"
              type="fa"
            />
          </Button>,
          <Button
            active={false}
            block={false}
            bsClass="btn"
            bsStyle="default"
            disabled={false}
            onClick={[Function]}
            style={undefined}
            title="Summary"
          >
            <Icon
              name="info"
              type="fa"
            />
          </Button>,
          <Button
            active={false}
            block={false}
            bsClass="btn"
            bsStyle="link"
            disabled={false}
            onClick={[MockFunction]}
            style={
              Object {
                "borderLeft": "1px solid #d1d1d1",
                "marginLeft": "10px",
              }
            }
            title="Search"
          >
            <Icon
              name="search"
              type="pf"
            />
          </Button>,
        ],
        "className": "",
      },
      "ref": null,
      "rendered": Array [
        Object {
          "instance": null,
          "key": undefined,
          "nodeType": "class",
          "props": Object {
            "active": false,
            "block": false,
            "bsClass": "btn",
            "bsStyle": "default",
            "children": <Icon
              name="th"
              type="fa"
            />,
            "disabled": false,
            "onClick": [Function],
            "style": undefined,
            "title": "Graph",
          },
          "ref": null,
          "rendered": Object {
            "instance": null,
            "key": undefined,
            "nodeType": "function",
            "props": Object {
              "name": "th",
              "type": "fa",
            },
            "ref": null,
            "rendered": null,
            "type": [Function],
          },
          "type": [Function],
        },
        Object {
          "instance": null,
          "key": undefined,
          "nodeType": "class",
          "props": Object {
            "active": false,
            "block": false,
            "bsClass": "btn",
            "bsStyle": "default",
            "children": <Icon
              name="map"
              type="fa"
            />,
            "disabled": false,
            "onClick": [Function],
            "style": undefined,
            "title": "Minimap",
          },
          "ref": null,
          "rendered": Object {
            "instance": null,
            "key": undefined,
            "nodeType": "function",
            "props": Object {
              "name": "map",
              "type": "fa",
            },
            "ref": null,
            "rendered": null,
            "type": [Function],
          },
          "type": [Function],
        },
        Object {
          "instance": null,
          "key": undefined,
          "nodeType": "class",
          "props": Object {
            "active": false,
            "block": false,
            "bsClass": "btn",
            "bsStyle": "default",
            "children": <Icon
              name="info"
              type="fa"
            />,
            "disabled": false,
            "onClick": [Function],
            "style": undefined,
            "title": "Summary",
          },
          "ref": null,
          "rendered": Object {
            "instance": null,
            "key": undefined,
            "nodeType": "function",
            "props": Object {
              "name": "info",
              "type": "fa",
            },
            "ref": null,
            "rendered": null,
            "type": [Function],
          },
          "type": [Function],
        },
        Object {
          "instance": null,
          "key": undefined,
          "nodeType": "class",
          "props": Object {
            "active": false,
            "block": false,
            "bsClass": "btn",
            "bsStyle": "link",
            "children": <Icon
              name="search"
              type="pf"
            />,
            "disabled": false,
            "onClick": [MockFunction],
            "style": Object {
              "borderLeft": "1px solid #d1d1d1",
              "marginLeft": "10px",
            },
            "title": "Search",
          },
          "ref": null,
          "rendered": Object {
            "instance": null,
            "key": undefined,
            "nodeType": "function",
            "props": Object {
              "name": "search",
              "type": "pf",
            },
            "ref": null,
            "rendered": null,
            "type": [Function],
          },
          "type": [Function],
        },
      ],
      "type": [Function],
    },
  ],
  Symbol(enzyme.__options__): Object {
    "adapter": ReactSixteenAdapter {
      "options": Object {
        "enableComponentDidUpdateOnSetState": true,
        "lifecycles": Object {
          "componentDidUpdate": Object {
            "onSetState": true,
          },
          "getDerivedStateFromProps": true,
          "getSnapshotBeforeUpdate": true,
          "setState": Object {
            "skipsComponentDidUpdateOnNullish": true,
          },
        },
      },
    },
  },
}
`;
