// Jest Snapshot v1, https://goo.gl/fbAQLP

exports[`RightToolbar renders RightToolbar correctly 1`] = `
<Button
  aria-label="SearchTraces"
  isDisabled={false}
  onClick={[Function]}
  variant="primary"
>
  <SearchIcon
    color="currentColor"
    noVerticalAlign={false}
    size="sm"
    title={null}
  />
   Search Traces
</Button>
`;
