// Jest Snapshot v1, https://goo.gl/fbAQLP

exports[`NamespaceDropdown renders ServiceDropdown correctly without custom 1`] = `
<FormSelect
  aria-label="FormSelect Input"
  className="f6vm0mb"
  isDisabled={true}
  isValid={true}
  onBlur={[Function]}
  onChange={[MockFunction]}
  onFocus={[Function]}
  value=""
>
  <FormSelectOption
    isDisabled={false}
    key="help_test"
    label="Select a namespace"
    value=""
  />
</FormSelect>
`;
