// Jest Snapshot v1, https://goo.gl/fbAQLP

exports[`#LoginPage render correctly should render LoginPage 1`] = `
<LoginPage
  brandImgAlt="Kiali logo"
  brandImgSrc="logo-alt.svg"
  footerListItems={
    <React.Fragment>
      <ListItem>
        <LoginFooterItem
          href="https://www.kiali.io/"
        >
          Documentation
        </LoginFooterItem>
      </ListItem>
      <ListItem>
        <LoginFooterItem
          href="https://github.com/kiali/kiali"
        >
          Contribute
        </LoginFooterItem>
      </ListItem>
    </React.Fragment>
  }
  footerListVariants="inline"
  loginTitle="Log in Kiali"
  textContent="Service Mesh Observability."
>
  <LoginForm
    helperText={<React.Fragment />}
    isValidPassword={true}
    isValidUsername={true}
    onChangePassword={[Function]}
    onChangeUsername={[Function]}
    onLoginButtonClick={[Function]}
    passwordLabel="Password"
    passwordValue=""
    rememberMeAriaLabel="Remember me Checkbox"
    showHelperText={true}
    style={
      Object {
        "marginTop": "10px",
      }
    }
    usernameLabel="Username"
    usernameValue=""
  />
</LoginPage>
`;
