// Jest Snapshot v1, https://goo.gl/fbAQLP

exports[`#PfInfoCard render correctly with data should render service card 1`] = `
ShallowWrapper {
  Symbol(enzyme.__root__): [Circular],
  Symbol(enzyme.__unrendered__): <div
    className="card-pf"
  >
    <div
      className="card-pf-body"
    >
      <div>
        <div>
          <strong>
            Pod:
          </strong>
        </div>
        <ul
          style={
            Object {
              "listStyleType": "none",
            }
          }
        >
          <li>
            <Label
              name="my_key"
              value="my_value"
            />
          </li>
        </ul>
      </div>
    </div>
  </div>,
  Symbol(enzyme.__renderer__): Object {
    "batchedUpdates": [Function],
    "getNode": [Function],
    "render": [Function],
    "simulateError": [Function],
    "simulateEvent": [Function],
    "unmount": [Function],
  },
  Symbol(enzyme.__node__): Object {
    "instance": null,
    "key": undefined,
    "nodeType": "host",
    "props": Object {
      "children": <div
        className="card-pf-body"
      >
        <div>
          <div>
            <strong>
              Pod:
            </strong>
          </div>
          <ul
            style={
              Object {
                "listStyleType": "none",
              }
            }
          >
            <li>
              <Label
                name="my_key"
                value="my_value"
              />
            </li>
          </ul>
        </div>
      </div>,
      "className": "card-pf",
    },
    "ref": null,
    "rendered": Object {
      "instance": null,
      "key": undefined,
      "nodeType": "host",
      "props": Object {
        "children": <div>
          <div>
            <strong>
              Pod:
            </strong>
          </div>
          <ul
            style={
              Object {
                "listStyleType": "none",
              }
            }
          >
            <li>
              <Label
                name="my_key"
                value="my_value"
              />
            </li>
          </ul>
        </div>,
        "className": "card-pf-body",
      },
      "ref": null,
      "rendered": Object {
        "instance": null,
        "key": "pod",
        "nodeType": "host",
        "props": Object {
          "children": Array [
            <div>
              <strong>
                Pod:
              </strong>
            </div>,
            <ul
              style={
                Object {
                  "listStyleType": "none",
                }
              }
            >
              <li>
                <Label
                  name="my_key"
                  value="my_value"
                />
              </li>
            </ul>,
          ],
        },
        "ref": null,
        "rendered": Array [
          Object {
            "instance": null,
            "key": undefined,
            "nodeType": "host",
            "props": Object {
              "children": <strong>
                Pod:
              </strong>,
            },
            "ref": null,
            "rendered": Object {
              "instance": null,
              "key": undefined,
              "nodeType": "host",
              "props": Object {
                "children": "Pod:",
              },
              "ref": null,
              "rendered": "Pod:",
              "type": "strong",
            },
            "type": "div",
          },
          Object {
            "instance": null,
            "key": undefined,
            "nodeType": "host",
            "props": Object {
              "children": <li>
                <Label
                  name="my_key"
                  value="my_value"
                />
              </li>,
              "style": Object {
                "listStyleType": "none",
              },
            },
            "ref": null,
            "rendered": Object {
              "instance": null,
              "key": "pod_labels_badge_",
              "nodeType": "host",
              "props": Object {
                "children": <Label
                  name="my_key"
                  value="my_value"
                />,
              },
              "ref": null,
              "rendered": Object {
                "instance": null,
                "key": undefined,
                "nodeType": "function",
                "props": Object {
                  "name": "my_key",
                  "value": "my_value",
                },
                "ref": null,
                "rendered": null,
                "type": [Function],
              },
              "type": "li",
            },
            "type": "ul",
          },
        ],
        "type": "div",
      },
      "type": "div",
    },
    "type": "div",
  },
  Symbol(enzyme.__nodes__): Array [
    Object {
      "instance": null,
      "key": undefined,
      "nodeType": "host",
      "props": Object {
        "children": <div
          className="card-pf-body"
        >
          <div>
            <div>
              <strong>
                Pod:
              </strong>
            </div>
            <ul
              style={
                Object {
                  "listStyleType": "none",
                }
              }
            >
              <li>
                <Label
                  name="my_key"
                  value="my_value"
                />
              </li>
            </ul>
          </div>
        </div>,
        "className": "card-pf",
      },
      "ref": null,
      "rendered": Object {
        "instance": null,
        "key": undefined,
        "nodeType": "host",
        "props": Object {
          "children": <div>
            <div>
              <strong>
                Pod:
              </strong>
            </div>
            <ul
              style={
                Object {
                  "listStyleType": "none",
                }
              }
            >
              <li>
                <Label
                  name="my_key"
                  value="my_value"
                />
              </li>
            </ul>
          </div>,
          "className": "card-pf-body",
        },
        "ref": null,
        "rendered": Object {
          "instance": null,
          "key": "pod",
          "nodeType": "host",
          "props": Object {
            "children": Array [
              <div>
                <strong>
                  Pod:
                </strong>
              </div>,
              <ul
                style={
                  Object {
                    "listStyleType": "none",
                  }
                }
              >
                <li>
                  <Label
                    name="my_key"
                    value="my_value"
                  />
                </li>
              </ul>,
            ],
          },
          "ref": null,
          "rendered": Array [
            Object {
              "instance": null,
              "key": undefined,
              "nodeType": "host",
              "props": Object {
                "children": <strong>
                  Pod:
                </strong>,
              },
              "ref": null,
              "rendered": Object {
                "instance": null,
                "key": undefined,
                "nodeType": "host",
                "props": Object {
                  "children": "Pod:",
                },
                "ref": null,
                "rendered": "Pod:",
                "type": "strong",
              },
              "type": "div",
            },
            Object {
              "instance": null,
              "key": undefined,
              "nodeType": "host",
              "props": Object {
                "children": <li>
                  <Label
                    name="my_key"
                    value="my_value"
                  />
                </li>,
                "style": Object {
                  "listStyleType": "none",
                },
              },
              "ref": null,
              "rendered": Object {
                "instance": null,
                "key": "pod_labels_badge_",
                "nodeType": "host",
                "props": Object {
                  "children": <Label
                    name="my_key"
                    value="my_value"
                  />,
                },
                "ref": null,
                "rendered": Object {
                  "instance": null,
                  "key": undefined,
                  "nodeType": "function",
                  "props": Object {
                    "name": "my_key",
                    "value": "my_value",
                  },
                  "ref": null,
                  "rendered": null,
                  "type": [Function],
                },
                "type": "li",
              },
              "type": "ul",
            },
          ],
          "type": "div",
        },
        "type": "div",
      },
      "type": "div",
    },
  ],
  Symbol(enzyme.__options__): Object {
    "adapter": ReactSixteenAdapter {
      "options": Object {
        "enableComponentDidUpdateOnSetState": true,
        "lifecycles": Object {
          "componentDidUpdate": Object {
            "onSetState": true,
          },
          "getDerivedStateFromProps": true,
          "getSnapshotBeforeUpdate": true,
          "setState": Object {
            "skipsComponentDidUpdateOnNullish": true,
          },
        },
      },
    },
  },
}
`;
