// Jest Snapshot v1, https://goo.gl/fbAQLP

exports[`#ServiceInfoPods render correctly with data should render service pods 1`] = `
<div
  className="card-pf"
>
  <Row
    bsClass="row"
    className="row-cards-pf"
    componentClass="div"
  >
    <Col
      bsClass="col"
      componentClass="div"
      lg={12}
      md={12}
      sm={12}
      xs={12}
    >
      <div
        className="card-pf-body"
        key="pods_0"
      >
        <h3>
          <OverlayTrigger
            defaultOverlayShown={false}
            overlay={
              <Tooltip
                bsClass="tooltip"
                id="pod_names_0"
                placement="right"
                title="Pod Names"
              >
                reviews-v2-1234, reviews-v3-1234, reviews-v1-1234
              </Tooltip>
            }
            placement="top"
            trigger={
              Array [
                "hover",
                "focus",
              ]
            }
          >
            <span>
              reviews-v... (3 replicas)
            </span>
          </OverlayTrigger>
        </h3>
        <div
          className="label-collection"
          key="labels"
        >
          <Label
            key="pod_0_0"
            name="app"
            value="reviews"
          />
        </div>
        <div>
          <span>
            <strong>
              Created at: 
            </strong>
            2018-03-14T10:17:52.000Z
          </span>
        </div>
        <hr />
      </div>
    </Col>
  </Row>
</div>
`;
