// Jest Snapshot v1, https://goo.gl/fbAQLP

exports[`#ServiceInfoRoutes render correctly with data should render service routes 1`] = `
ShallowWrapper {
  "length": 1,
  Symbol(enzyme.__root__): [Circular],
  Symbol(enzyme.__unrendered__): <ServiceInfoRoutes
    dependencies={
      Object {
        "v1": Array [
          Object {
            "name": "productpage-v1",
            "namespace": "istio-system",
          },
        ],
      }
    }
  />,
  Symbol(enzyme.__renderer__): Object {
    "batchedUpdates": [Function],
    "getNode": [Function],
    "render": [Function],
    "simulateError": [Function],
    "simulateEvent": [Function],
    "unmount": [Function],
  },
  Symbol(enzyme.__node__): Object {
    "instance": null,
    "key": undefined,
    "nodeType": "host",
    "props": Object {
      "children": <Row
        bsClass="row"
        className="row-cards-pf"
        componentClass="div"
      >
        <Col
          bsClass="col"
          componentClass="div"
          lg={12}
          md={12}
          sm={12}
          xs={12}
        >
          <div
            className="card-pf-body"
          >
            <div
              className="progress-description"
            >
              <strong>
                To: 
              </strong>
               
              v1
            </div>
            <ul
              style={
                Object {
                  "listStyleType": "none",
                }
              }
            >
              <Link
                replace={false}
                to="/namespaces/istio-system/workloads/productpage-v1"
              >
                <li>
                  productpage-v1
                </li>
              </Link>
            </ul>
          </div>
        </Col>
      </Row>,
      "className": "card-pf",
    },
    "ref": null,
    "rendered": Object {
      "instance": null,
      "key": undefined,
      "nodeType": "class",
      "props": Object {
        "bsClass": "row",
        "children": <Col
          bsClass="col"
          componentClass="div"
          lg={12}
          md={12}
          sm={12}
          xs={12}
        >
          <div
            className="card-pf-body"
          >
            <div
              className="progress-description"
            >
              <strong>
                To: 
              </strong>
               
              v1
            </div>
            <ul
              style={
                Object {
                  "listStyleType": "none",
                }
              }
            >
              <Link
                replace={false}
                to="/namespaces/istio-system/workloads/productpage-v1"
              >
                <li>
                  productpage-v1
                </li>
              </Link>
            </ul>
          </div>
        </Col>,
        "className": "row-cards-pf",
        "componentClass": "div",
      },
      "ref": null,
      "rendered": Object {
        "instance": null,
        "key": undefined,
        "nodeType": "class",
        "props": Object {
          "bsClass": "col",
          "children": Array [
            <div
              className="card-pf-body"
            >
              <div
                className="progress-description"
              >
                <strong>
                  To: 
                </strong>
                 
                v1
              </div>
              <ul
                style={
                  Object {
                    "listStyleType": "none",
                  }
                }
              >
                <Link
                  replace={false}
                  to="/namespaces/istio-system/workloads/productpage-v1"
                >
                  <li>
                    productpage-v1
                  </li>
                </Link>
              </ul>
            </div>,
          ],
          "componentClass": "div",
          "lg": 12,
          "md": 12,
          "sm": 12,
          "xs": 12,
        },
        "ref": null,
        "rendered": Array [
          Object {
            "instance": null,
            "key": "dependencies_0",
            "nodeType": "host",
            "props": Object {
              "children": Array [
                <div
                  className="progress-description"
                >
                  <strong>
                    To: 
                  </strong>
                   
                  v1
                </div>,
                <ul
                  style={
                    Object {
                      "listStyleType": "none",
                    }
                  }
                >
                  <Link
                    replace={false}
                    to="/namespaces/istio-system/workloads/productpage-v1"
                  >
                    <li>
                      productpage-v1
                    </li>
                  </Link>
                </ul>,
              ],
              "className": "card-pf-body",
            },
            "ref": null,
            "rendered": Array [
              Object {
                "instance": null,
                "key": undefined,
                "nodeType": "host",
                "props": Object {
                  "children": Array [
                    <strong>
                      To: 
                    </strong>,
                    " ",
                    "v1",
                  ],
                  "className": "progress-description",
                },
                "ref": null,
                "rendered": Array [
                  Object {
                    "instance": null,
                    "key": undefined,
                    "nodeType": "host",
                    "props": Object {
                      "children": "To: ",
                    },
                    "ref": null,
                    "rendered": "To: ",
                    "type": "strong",
                  },
                  " ",
                  "v1",
                ],
                "type": "div",
              },
              Object {
                "instance": null,
                "key": undefined,
                "nodeType": "host",
                "props": Object {
                  "children": Array [
                    <Link
                      replace={false}
                      to="/namespaces/istio-system/workloads/productpage-v1"
                    >
                      <li>
                        productpage-v1
                      </li>
                    </Link>,
                  ],
                  "style": Object {
                    "listStyleType": "none",
                  },
                },
                "ref": null,
                "rendered": Array [
                  Object {
                    "instance": null,
                    "key": "v1/namespaces/istio-system/workloads/productpage-v1",
                    "nodeType": "class",
                    "props": Object {
                      "children": <li>
                        productpage-v1
                      </li>,
                      "replace": false,
                      "to": "/namespaces/istio-system/workloads/productpage-v1",
                    },
                    "ref": null,
                    "rendered": Object {
                      "instance": null,
                      "key": "dependencies_0_dependency_0",
                      "nodeType": "host",
                      "props": Object {
                        "children": "productpage-v1",
                      },
                      "ref": null,
                      "rendered": "productpage-v1",
                      "type": "li",
                    },
                    "type": [Function],
                  },
                ],
                "type": "ul",
              },
            ],
            "type": "div",
          },
        ],
        "type": [Function],
      },
      "type": [Function],
    },
    "type": "div",
  },
  Symbol(enzyme.__nodes__): Array [
    Object {
      "instance": null,
      "key": undefined,
      "nodeType": "host",
      "props": Object {
        "children": <Row
          bsClass="row"
          className="row-cards-pf"
          componentClass="div"
        >
          <Col
            bsClass="col"
            componentClass="div"
            lg={12}
            md={12}
            sm={12}
            xs={12}
          >
            <div
              className="card-pf-body"
            >
              <div
                className="progress-description"
              >
                <strong>
                  To: 
                </strong>
                 
                v1
              </div>
              <ul
                style={
                  Object {
                    "listStyleType": "none",
                  }
                }
              >
                <Link
                  replace={false}
                  to="/namespaces/istio-system/workloads/productpage-v1"
                >
                  <li>
                    productpage-v1
                  </li>
                </Link>
              </ul>
            </div>
          </Col>
        </Row>,
        "className": "card-pf",
      },
      "ref": null,
      "rendered": Object {
        "instance": null,
        "key": undefined,
        "nodeType": "class",
        "props": Object {
          "bsClass": "row",
          "children": <Col
            bsClass="col"
            componentClass="div"
            lg={12}
            md={12}
            sm={12}
            xs={12}
          >
            <div
              className="card-pf-body"
            >
              <div
                className="progress-description"
              >
                <strong>
                  To: 
                </strong>
                 
                v1
              </div>
              <ul
                style={
                  Object {
                    "listStyleType": "none",
                  }
                }
              >
                <Link
                  replace={false}
                  to="/namespaces/istio-system/workloads/productpage-v1"
                >
                  <li>
                    productpage-v1
                  </li>
                </Link>
              </ul>
            </div>
          </Col>,
          "className": "row-cards-pf",
          "componentClass": "div",
        },
        "ref": null,
        "rendered": Object {
          "instance": null,
          "key": undefined,
          "nodeType": "class",
          "props": Object {
            "bsClass": "col",
            "children": Array [
              <div
                className="card-pf-body"
              >
                <div
                  className="progress-description"
                >
                  <strong>
                    To: 
                  </strong>
                   
                  v1
                </div>
                <ul
                  style={
                    Object {
                      "listStyleType": "none",
                    }
                  }
                >
                  <Link
                    replace={false}
                    to="/namespaces/istio-system/workloads/productpage-v1"
                  >
                    <li>
                      productpage-v1
                    </li>
                  </Link>
                </ul>
              </div>,
            ],
            "componentClass": "div",
            "lg": 12,
            "md": 12,
            "sm": 12,
            "xs": 12,
          },
          "ref": null,
          "rendered": Array [
            Object {
              "instance": null,
              "key": "dependencies_0",
              "nodeType": "host",
              "props": Object {
                "children": Array [
                  <div
                    className="progress-description"
                  >
                    <strong>
                      To: 
                    </strong>
                     
                    v1
                  </div>,
                  <ul
                    style={
                      Object {
                        "listStyleType": "none",
                      }
                    }
                  >
                    <Link
                      replace={false}
                      to="/namespaces/istio-system/workloads/productpage-v1"
                    >
                      <li>
                        productpage-v1
                      </li>
                    </Link>
                  </ul>,
                ],
                "className": "card-pf-body",
              },
              "ref": null,
              "rendered": Array [
                Object {
                  "instance": null,
                  "key": undefined,
                  "nodeType": "host",
                  "props": Object {
                    "children": Array [
                      <strong>
                        To: 
                      </strong>,
                      " ",
                      "v1",
                    ],
                    "className": "progress-description",
                  },
                  "ref": null,
                  "rendered": Array [
                    Object {
                      "instance": null,
                      "key": undefined,
                      "nodeType": "host",
                      "props": Object {
                        "children": "To: ",
                      },
                      "ref": null,
                      "rendered": "To: ",
                      "type": "strong",
                    },
                    " ",
                    "v1",
                  ],
                  "type": "div",
                },
                Object {
                  "instance": null,
                  "key": undefined,
                  "nodeType": "host",
                  "props": Object {
                    "children": Array [
                      <Link
                        replace={false}
                        to="/namespaces/istio-system/workloads/productpage-v1"
                      >
                        <li>
                          productpage-v1
                        </li>
                      </Link>,
                    ],
                    "style": Object {
                      "listStyleType": "none",
                    },
                  },
                  "ref": null,
                  "rendered": Array [
                    Object {
                      "instance": null,
                      "key": "v1/namespaces/istio-system/workloads/productpage-v1",
                      "nodeType": "class",
                      "props": Object {
                        "children": <li>
                          productpage-v1
                        </li>,
                        "replace": false,
                        "to": "/namespaces/istio-system/workloads/productpage-v1",
                      },
                      "ref": null,
                      "rendered": Object {
                        "instance": null,
                        "key": "dependencies_0_dependency_0",
                        "nodeType": "host",
                        "props": Object {
                          "children": "productpage-v1",
                        },
                        "ref": null,
                        "rendered": "productpage-v1",
                        "type": "li",
                      },
                      "type": [Function],
                    },
                  ],
                  "type": "ul",
                },
              ],
              "type": "div",
            },
          ],
          "type": [Function],
        },
        "type": [Function],
      },
      "type": "div",
    },
  ],
  Symbol(enzyme.__options__): Object {
    "adapter": ReactSixteenAdapter {
      "options": Object {
        "enableComponentDidUpdateOnSetState": true,
        "lifecycles": Object {
          "componentDidUpdate": Object {
            "onSetState": true,
          },
          "getDerivedStateFromProps": true,
          "getSnapshotBeforeUpdate": true,
          "setState": Object {
            "skipsComponentDidUpdateOnNullish": true,
          },
        },
      },
    },
  },
}
`;
