// Jest Snapshot v1, https://goo.gl/fbAQLP

exports[`GraphLegend test should render correctly 1`] = `
<div
  className="f1ydy7po"
>
  <div
    className="f1xvjjtv"
  >
    <span
      className="f1i76bsh"
    >
      Legend
    </span>
    <span
      className="f1vrdyv8"
    >
      <Tooltip
        appendTo={[Function]}
        aria="describedby"
        boundary="window"
        className=""
        content="Close Legend"
        distance={15}
        enableFlip={true}
        entryDelay={500}
        exitDelay={500}
        flipBehavior={
          Array [
            "top",
            "right",
            "bottom",
            "left",
            "top",
            "right",
            "bottom",
          ]
        }
        id=""
        isAppLauncher={false}
        isContentLeftAligned={false}
        isVisible={false}
        maxWidth="18.75rem"
        position="top"
        tippyProps={Object {}}
        trigger="mouseenter focus"
        zIndex={9999}
      >
        <Component
          id="legend_close"
          onClick={[MockFunction]}
          variant="plain"
        >
          <CloseIcon
            color="currentColor"
            noVerticalAlign={false}
            size="sm"
            title={null}
          />
        </Component>
      </Tooltip>
    </span>
  </div>
  <div
    className="f1hnvrw2"
  >
    <div
      className="fkhz08q"
    >
      <div
        className="fls9dm1"
      >
        <div
          className="f1unvj7z"
          key="Node Shapes"
        >
          Node Shapes
          <div
            className="f1n8a700"
            key="node.svg"
          >
            <span>
              <img
                alt="Workload"
                src="node.svg"
              />
            </span>
            <span
              className="f1hob5wc"
            >
              Workload
            </span>
          </div>
          <div
            className="f1n8a700"
            key="app.svg"
          >
            <span>
              <img
                alt="App"
                src="app.svg"
              />
            </span>
            <span
              className="f1hob5wc"
            >
              App
            </span>
          </div>
          <div
            className="f1n8a700"
            key="unknown.svg"
          >
            <span>
              <img
                alt="Unknown Source"
                src="unknown.svg"
              />
            </span>
            <span
              className="f1hob5wc"
            >
              Unknown Source
            </span>
          </div>
          <div
            className="f1n8a700"
            key="service.svg"
          >
            <span>
              <img
                alt="Service"
                src="service.svg"
              />
            </span>
            <span
              className="f1hob5wc"
            >
              Service
            </span>
          </div>
          <div
            className="f1n8a700"
            key="service-entry.svg"
          >
            <span>
              <img
                alt="Service Entry"
                src="service-entry.svg"
              />
            </span>
            <span
              className="f1hob5wc"
            >
              Service Entry
            </span>
          </div>
        </div>
        <div
          className="f1unvj7z"
          key="Node Colors"
        >
          Node Colors
          <div
            className="f1n8a700"
            key="node-color-normal.svg"
          >
            <span>
              <img
                alt="Normal"
                src="node-color-normal.svg"
              />
            </span>
            <span
              className="f1hob5wc"
            >
              Normal
            </span>
          </div>
          <div
            className="f1n8a700"
            key="node-color-warning.svg"
          >
            <span>
              <img
                alt="Warn"
                src="node-color-warning.svg"
              />
            </span>
            <span
              className="f1hob5wc"
            >
              Warn
            </span>
          </div>
          <div
            className="f1n8a700"
            key="node-color-danger.svg"
          >
            <span>
              <img
                alt="Danger"
                src="node-color-danger.svg"
              />
            </span>
            <span
              className="f1hob5wc"
            >
              Danger
            </span>
          </div>
          <div
            className="f1n8a700"
            key="node-color-unused.svg"
          >
            <span>
              <img
                alt="Unused"
                src="node-color-unused.svg"
              />
            </span>
            <span
              className="f1hob5wc"
            >
              Unused
            </span>
          </div>
        </div>
        <div
          className="f1unvj7z"
          key="Node Background"
        >
          Node Background
          <div
            className="f1n8a700"
            key="external-namespace.svg"
          >
            <span>
              <img
                alt="External Namespace"
                src="external-namespace.svg"
              />
            </span>
            <span
              className="f1hob5wc"
            >
              External Namespace
            </span>
          </div>
          <div
            className="f1n8a700"
            key="restricted-namespace.svg"
          >
            <span>
              <img
                alt="Restricted Namespace"
                src="restricted-namespace.svg"
              />
            </span>
            <span
              className="f1hob5wc"
            >
              Restricted Namespace
            </span>
          </div>
        </div>
        <div
          className="f1unvj7z"
          key="Edges"
        >
          Edges
          <div
            className="f1n8a700"
            key="edge-danger.svg"
          >
            <span>
              <img
                alt="20% Error (Danger)"
                src="edge-danger.svg"
              />
            </span>
            <span
              className="f1hob5wc"
            >
              20% Error (Danger)
            </span>
          </div>
          <div
            className="f1n8a700"
            key="edge-warn.svg"
          >
            <span>
              <img
                alt="0.1 - 20% Error (Warn)"
                src="edge-warn.svg"
              />
            </span>
            <span
              className="f1hob5wc"
            >
              0.1 - 20% Error (Warn)
            </span>
          </div>
          <div
            className="f1n8a700"
            key="edge-success.svg"
          >
            <span>
              <img
                alt="0.1 Error (Success)"
                src="edge-success.svg"
              />
            </span>
            <span
              className="f1hob5wc"
            >
              0.1 Error (Success)
            </span>
          </div>
          <div
            className="f1n8a700"
            key="edge-tcp.svg"
          >
            <span>
              <img
                alt="TCP Connection"
                src="edge-tcp.svg"
              />
            </span>
            <span
              className="f1hob5wc"
            >
              TCP Connection
            </span>
          </div>
          <div
            className="f1n8a700"
            key="edge-idle.svg"
          >
            <span>
              <img
                alt="Idle"
                src="edge-idle.svg"
              />
            </span>
            <span
              className="f1hob5wc"
            >
              Idle
            </span>
          </div>
          <div
            className="f1n8a700"
            key="mtls-badge.svg"
          >
            <span>
              <img
                alt="mTLS (badge)"
                src="mtls-badge.svg"
              />
            </span>
            <span
              className="f1hob5wc"
            >
              mTLS (badge)
            </span>
          </div>
        </div>
        <div
          className="f1unvj7z"
          key="Traffic Animation"
        >
          Traffic Animation
          <div
            className="f1n8a700"
            key="traffic-normal-request.svg"
          >
            <span>
              <img
                alt="Normal Request"
                src="traffic-normal-request.svg"
              />
            </span>
            <span
              className="f1hob5wc"
            >
              Normal Request
            </span>
          </div>
          <div
            className="f1n8a700"
            key="traffic-failed-request.svg"
          >
            <span>
              <img
                alt="Failed Request"
                src="traffic-failed-request.svg"
              />
            </span>
            <span
              className="f1hob5wc"
            >
              Failed Request
            </span>
          </div>
          <div
            className="f1n8a700"
            key="traffic-tcp.svg"
          >
            <span>
              <img
                alt="TCP Traffic"
                src="traffic-tcp.svg"
              />
            </span>
            <span
              className="f1hob5wc"
            >
              TCP Traffic
            </span>
          </div>
        </div>
        <div
          className="f1unvj7z"
          key="Node Badges"
        >
          Node Badges
          <div
            className="f1n8a700"
            key="node-badge-circuit-breaker.svg"
          >
            <span>
              <img
                alt="Circuit Breaker"
                src="node-badge-circuit-breaker.svg"
              />
            </span>
            <span
              className="f1hob5wc"
            >
              Circuit Breaker
            </span>
          </div>
          <div
            className="f1n8a700"
            key="node-badge-missing-sidecar.svg"
          >
            <span>
              <img
                alt="Missing Sidecar"
                src="node-badge-missing-sidecar.svg"
              />
            </span>
            <span
              className="f1hob5wc"
            >
              Missing Sidecar
            </span>
          </div>
          <div
            className="f1n8a700"
            key="node-badge-virtual-services.svg"
          >
            <span>
              <img
                alt="Virtual Services"
                src="node-badge-virtual-services.svg"
              />
            </span>
            <span
              className="f1hob5wc"
            >
              Virtual Services
            </span>
          </div>
        </div>
      </div>
    </div>
  </div>
</div>
`;
